Command: /Users/julija/.espressif/python_env/idf5.5_py3.13_env/bin/python /Users/julija/esp/esp-idf/tools/idf_monitor.py -p /dev/cu.usbmodem5AE71093471 -b 115200 --toolchain-prefix xtensa-esp32s3-elf- --target esp32s3 --revision 0 /Users/julija/school_stuff/25.2/Sensor_Dev_Proj/Code/LoRa/build/LoRa.elf /Users/julija/school_stuff/25.2/Sensor_Dev_Proj/Code/LoRa/build/bootloader/bootloader.elf -m '/Users/julija/.espressif/python_env/idf5.5_py3.13_env/bin/python' '/Users/julija/esp/esp-idf/tools/idf.py'
ESP-ROM:esp32s3-20210327
Build:Mar 27 2021
rst:0x1 (POWERON),boot:0x8 (SPI_FAST_FLASH_BOOT)
SPIWP:0xee
mode:DIO, clock div:1
load:0x3fce2820,len:0x158c
load:0x403c8700,len:0xd24
load:0x403cb700,len:0x2f34
entry 0x403c8924
[0;32mI (24) boot: ESP-IDF v5.5.1 2nd stage bootloader[0m
[0;32mI (25) boot: compile time Nov 20 2025 14:50:54[0m
[0;32mI (25) boot: Multicore bootloader[0m
[0;32mI (25) boot: chip revision: v0.2[0m
[0;32mI (28) boot: efuse block revision: v1.3[0m
[0;32mI (31) boot.esp32s3: Boot SPI Speed : 80MHz[0m
[0;32mI (35) boot.esp32s3: SPI Mode       : DIO[0m
[0;32mI (39) boot.esp32s3: SPI Flash Size : 2MB[0m
[0;32mI (43) boot: Enabling RNG early entropy source...[0m
[0;32mI (47) boot: Partition Table:[0m
[0;32mI (50) boot: ## Label            Usage          Type ST Offset   Length[0m
[0;32mI (56) boot:  0 nvs              WiFi data        01 02 00009000 00006000[0m
[0;32mI (63) boot:  1 phy_init         RF data          01 01 0000f000 00001000[0m
[0;32mI (69) boot:  2 factory          factory app      00 00 00010000 00100000[0m
[0;32mI (76) boot: End of partition table[0m
[0;32mI (79) esp_image: segment 0: paddr=00010020 vaddr=3c020020 size=096e4h ( 38628) map[0m
[0;32mI (93) esp_image: segment 1: paddr=0001970c vaddr=3fc93300 size=02968h ( 10600) load[0m
[0;32mI (96) esp_image: segment 2: paddr=0001c07c vaddr=40374000 size=03f9ch ( 16284) load[0m
[0;32mI (105) esp_image: segment 3: paddr=00020020 vaddr=42000020 size=17390h ( 95120) map[0m
[0;32mI (125) esp_image: segment 4: paddr=000373b8 vaddr=40377f9c size=0b34ch ( 45900) load[0m
[0;32mI (136) esp_image: segment 5: paddr=0004270c vaddr=50000000 size=00020h (    32) load[0m
[0;32mI (142) boot: Loaded app from partition at offset 0x10000[0m
[0;32mI (142) boot: Disabling RNG early entropy source...[0m
[0;32mI (153) cpu_start: Multicore app[0m
[0;32mI (163) cpu_start: Pro cpu start user code[0m
[0;32mI (163) cpu_start: cpu freq: 160000000 Hz[0m
[0;32mI (163) app_init: Application information:[0m
[0;32mI (163) app_init: Project name:     LoRa[0m
[0;32mI (166) app_init: App version:      8cbea19-dirty[0m
[0;32mI (171) app_init: Compile time:     Nov 20 2025 14:50:51[0m
[0;32mI (176) app_init: ELF file SHA256:  edf7fa471...[0m
[0;32mI (180) app_init: ESP-IDF:          v5.5.1[0m
[0;32mI (184) efuse_init: Min chip rev:     v0.0[0m
[0;32mI (188) efuse_init: Max chip rev:     v0.99 [0m
[0;32mI (192) efuse_init: Chip rev:         v0.2[0m
[0;32mI (196) heap_init: Initializing. RAM available for dynamic allocation:[0m
[0;32mI (202) heap_init: At 3FC964D0 len 00053240 (332 KiB): RAM[0m
[0;32mI (207) heap_init: At 3FCE9710 len 00005724 (21 KiB): RAM[0m
[0;32mI (212) heap_init: At 3FCF0000 len 00008000 (32 KiB): DRAM[0m
[0;32mI (217) heap_init: At 600FE000 len 00001FE8 (7 KiB): RTCRAM[0m
[0;32mI (223) spi_flash: detected chip: mxic[0m
[0;32mI (226) spi_flash: flash io: dio[0m
[0;33mW (229) spi_flash: Detected size(16384k) larger than the size in the binary image header(2048k). Using the size in the binary image header.[0m
[0;32mI (241) sleep_gpio: Configure to isolate all GPIO pins in sleep state[0m
[0;32mI (248) sleep_gpio: Enable automatic switching of GPIO sleep configuration[0m
[0;32mI (255) main_task: Started on CPU0[0m
[0;32mI (265) main_task: Calling app_main()[0m
[0;32mI (265) LoRaE5: UART ready[0m
[0;32mI (365) LoRaE5: >> AT+LOWPOWER=AUTOON[0m
[0;32mI (365) Controller: LoRa initialized[0m
[0;32mI (365) main_task: Returned from app_main()[0m
[0;32mI (565) LoRaE5: >> AT+ID=DevEui[0m
[0;32mI (565) LoRaE5: << [AUTOON] AT+ID=DevEui[0m

***ERROR*** A stack overflow in task CONTROLLER has been detected.


Backtrace: 0x4037a1d5:0x3fce9fe0 0x4037a19d:0x3fcea000 0x4037b11a:0x3fcea020 0x4037c317:0x3fcea0a0 0x4037b1e0:0x3fcea0c0 0x4037b1d6:0x3fcea0ac |<-CORRUPTED




ELF file SHA256: edf7fa471

Rebooting...
ï¿½ï¿½ï¿½ESP-ROM:esp32s3-20210327
Build:Mar 27 2021
rst:0xc (RTC_SW_CPU_RST),boot:0x8 (SPI_FAST_FLASH_BOOT)
Saved PC:0x4037a324
SPIWP:0xee
mode:DIO, clock div:1
load:0x3fce2820,len:0x158c
load:0x403c8700,len:0xd24
load:0x403cb700,len:0x2f34
entry 0x403c8924
[0;32mI (29) boot: ESP-IDF v5.5.1 2nd stage bootloader[0m
[0;32mI (29) boot: compile time Nov 20 2025 14:50:54[0m
[0;32mI (29) boot: Multicore bootloader[0m
[0;32mI (29) boot: chip revision: v0.2[0m
[0;32mI (32) boot: efuse block revision: v1.3[0m
[0;32mI (36) boot.esp32s3: Boot SPI Speed : 80MHz[0m
[0;32mI (40) boot.esp32s3: SPI Mode       : DIO[0m
[0;32mI (43) boot.esp32s3: SPI Flash Size : 2MB[0m
[0;32mI (47) boot: Enabling RNG early entropy source...[0m
[0;32mI (52) boot: Partition Table:[0m
[0;32mI (54) boot: ## Label            Usage          Type ST Offset   Length[0m
[0;32mI (60) boot:  0 nvs              WiFi data        01 02 00009000 00006000[0m
[0;32mI (67) boot:  1 phy_init         RF data          01 01 0000f000 00001000[0m
[0;32mI (73) boot:  2 factory          factory app      00 00 00010000 00100000[0m
[0;32mI (80) boot: End of partition table[0m
[0;32mI (83) esp_image: segment 0: paddr=00010020 vaddr=3c020020 size=096e4h ( 38628) map[0m
[0;32mI (98) esp_image: segment 1: paddr=0001970c vaddr=3fc93300 size=02968h ( 10600) load[0m
[0;32mI (100) esp_image: segment 2: paddr=0001c07c vaddr=40374000 size=03f9ch ( 16284) load[0m
[0;32mI (109) esp_image: segment 3: paddr=00020020 vaddr=42000020 size=17390h ( 95120) map[0m
[0;32mI (130) esp_image: segment 4: paddr=000373b8 vaddr=40377f9c size=0b34ch ( 45900) load[0m
[0;32mI (140) esp_image: segment 5: paddr=0004270c vaddr=50000000 size=00020h (    32) load[0m
[0;32mI (146) boot: Loaded app from partition at offset 0x10000[0m
[0;32mI (147) boot: Disabling RNG early entropy source...[0m
[0;32mI (158) cpu_start: Multicore app[0m
[0;32mI (167) cpu_start: Pro cpu start user code[0m
[0;32mI (167) cpu_start: cpu freq: 160000000 Hz[0m
[0;32mI (167) app_init: Application information:[0m
[0;32mI (167) app_init: Project name:     LoRa[0m
[0;32mI (171) app_init: App version:      8cbea19-dirty[0m
[0;32mI (175) app_init: Compile time:     Nov 20 2025 14:50:51[0m
[0;32mI (180) app_init: ELF file SHA256:  edf7fa471...[0m
[0;32mI (185) app_init: ESP-IDF:          v5.5.1[0m
[0;32mI (188) efuse_init: Min chip rev:     v0.0[0m
[0;32mI (192) efuse_init: Max chip rev:     v0.99 [0m
[0;32mI (196) efuse_init: Chip rev:         v0.2[0m
[0;32mI (200) heap_init: Initializing. RAM available for dynamic allocation:[0m
[0;32mI (206) heap_init: At 3FC964D0 len 00053240 (332 KiB): RAM[0m
[0;32mI (211) heap_init: At 3FCE9710 len 00005724 (21 KiB): RAM[0m
[0;32mI (217) heap_init: At 3FCF0000 len 00008000 (32 KiB): DRAM[0m
[0;32mI (222) heap_init: At 600FE000 len 00001FE8 (7 KiB): RTCRAM[0m
[0;32mI (228) spi_flash: detected chip: mxic[0m
[0;32mI (231) spi_flash: flash io: dio[0m
[0;33mW (234) spi_flash: Detected size(16384k) larger than the size in the binary image header(2048k). Using the size in the binary image header.[0m
[0;32mI (246) sleep_gpio: Configure to isolate all GPIO pins in sleep state[0m
[0;32mI (252) sleep_gpio: Enable automatic switching of GPIO sleep configuration[0m
[0;32mI (259) main_task: Started on CPU0[0m
[0;32mI (269) main_task: Calling app_main()[0m
[0;32mI (269) LoRaE5: UART ready[0m
[0;32mI (369) LoRaE5: >> AT+LOWPOWER=AUTOON[0m
[0;32mI (369) Controller: LoRa initialized[0m
[0;32mI (369) main_task: Returned from app_main()[0m
[0;32mI (569) LoRaE5: >> AT+ID=DevEui[0m
[0;32mI (569) LoRaE5: << [AUTOON] AT+ID=DevEui[0m

***ERROR*** A stack overflow in task CONTROLLER has been detected.


Backtrace: 0x4037a1d5:0x3fce9fe0 0x4037a19d:0x3fcea000 0x4037b11a:0x3fcea020 0x4037c317:0x3fcea0a0 0x4037b1e0:0x3fcea0c0 0x4037b1d6:0x3fcea0ac |<-CORRUPTED




ELF file SHA256: edf7fa471

Rebooting...
ESP-ROM:esp32s3-20210327
Build:Mar 27 2021
rst:0xc (RTC_SW_CPU_RST),boot:0x8 (SPI_FAST_FLASH_BOOT)
Saved PC:0x4037a324
SPIWP:0xee
mode:DIO, clock div:1
load:0x3fce2820,len:0x158c
load:0x403c8700,len:0xd24
load:0x403cb700,len:0x2f34
entry 0x403c8924
[0;32mI (29) boot: ESP-IDF v5.5.1 2nd stage bootloader[0m
[0;32mI (29) boot: compile time Nov 20 2025 14:50:54[0m
[0;32mI (29) boot: Multicore bootloader[0m
[0;32mI (29) boot: chip revision: v0.2[0m
[0;32mI (32) boot: efuse block revision: v1.3[0m
[0;32mI (36) boot.esp32s3: Boot SPI Speed : 80MHz[0m
[0;32mI (40) boot.esp32s3: SPI Mode       : DIO[0m
[0;32mI (43) boot.esp32s3: SPI Flash Size : 2MB[0m
[0;32mI (47) boot: Enabling RNG early entropy source...[0m
[0;32mI (52) boot: Partition Table:[0m
[0;32mI (54) boot: ## Label            Usage          Type ST Offset   Length[0m
[0;32mI (60) boot:  0 nvs              WiFi data        01 02 00009000 00006000[0m
[0;32mI (67) boot:  1 phy_init         RF data          01 01 0000f000 00001000[0m
[0;32mI (73) boot:  2 factory          factory app      00 00 00010000 00100000[0m
[0;32mI (80) boot: End of partition table[0m
[0;32mI (83) esp_image: segment 0: paddr=00010020 vaddr=3c020020 size=096e4h ( 38628) map[0m
[0;32mI (98) esp_image: segment 1: paddr=0001970c vaddr=3fc93300 size=02968h ( 10600) load[0m
[0;32mI (100) esp_image: segment 2: paddr=0001c07c vaddr=40374000 size=03f9ch ( 16284) load[0m
[0;32mI (109) esp_image: segment 3: paddr=00020020 vaddr=42000020 size=17390h ( 95120) map[0m
[0;32mI (130) esp_image: segment 4: paddr=000373b8 vaddr=40377f9c size=0b34ch ( 45900) load[0m
[0;32mI (140) esp_image: segment 5: paddr=0004270c vaddr=50000000 size=00020h (    32) load[0m
[0;32mI (146) boot: Loaded app from partition at offset 0x10000[0m
[0;32mI (147) boot: Disabling RNG early entropy source...[0m
[0;32mI (158) cpu_start: Multicore app[0m
[0;32mI (167) cpu_start: Pro cpu start user code[0m
[0;32mI (167) cpu_start: cpu freq: 160000000 Hz[0m
[0;32mI (167) app_init: Application information:[0m
[0;32mI (167) app_init: Project name:     LoRa[0m
[0;32mI (171) app_init: App version:      8cbea19-dirty[0m
[0;32mI (175) app_init: Compile time:     Nov 20 2025 14:50:51[0m
[0;32mI (180) app_init: ELF file SHA256:  edf7fa471...[0m
[0;32mI (185) app_init: ESP-IDF:          v5.5.1[0m
[0;32mI (188) efuse_init: Min chip rev:     v0.0[0m
[0;32mI (192) efuse_init: Max chip rev:     v0.99 [0m
[0;32mI (196) efuse_init: Chip rev:         v0.2[0m
[0;32mI (200) heap_init: Initializing. RAM available for dynamic allocation:[0m
[0;32mI (206) heap_init: At 3FC964D0 len 00053240 (332 KiB): RAM[0m
[0;32mI (211) heap_init: At 3FCE9710 len 00005724 (21 KiB): RAM[0m
[0;32mI (217) heap_init: At 3FCF0000 len 00008000 (32 KiB): DRAM[0m
[0;32mI (222) heap_init: At 600FE000 len 00001FE8 (7 KiB): RTCRAM[0m
[0;32mI (228) spi_flash: detected chip: mxic[0m
[0;32mI (231) spi_flash: flash io: dio[0m
[0;33mW (234) spi_flash: Detected size(16384k) larger than the size in the binary image header(2048k). Using the size in the binary image header.[0m
[0;32mI (246) sleep_gpio: Configure to isolate all GPIO pins in sleep state[0m
[0;32mI (252) sleep_gpio: Enable automatic switching of GPIO sleep configuration[0m
[0;32mI (259) main_task: Started on CPU0[0m
[0;32mI (269) main_task: Calling app_main()[0m
[0;32mI (269) LoRaE5: UART ready[0m
[0;32mI (369) LoRaE5: >> AT+LOWPOWER=AUTOON[0m
[0;32mI (369) Controller: LoRa initialized[0m
[0;32mI (369) main_task: Returned from app_main()[0m
[0;32mI (569) LoRaE5: >> AT+ID=DevEui[0m
[0;32mI (569) LoRaE5: << [AUTOON] AT+ID=DevEui[0m

***ERROR*** A stack overflow in task CONTROLLER has been detected.


Backtrace: 0x4037a1d5:0x3fce9fe0 0x4037a19d:0x3fcea000 0x4037b11a:0x3fcea020 0x4037c317:0x3fcea0a0 0x4037b1e0:0x3fcea0c0 0x4037b1d6:0x3fcea0ac |<-CORRUPTED




ELF file SHA256: edf7fa471

Rebooting...
ESP-ROM:esp32s3-20210327
Build:Mar 27 2021
rst:0xc (RTC_SW_CPU_RST),boot:0x8 (SPI_FAST_FLASH_BOOT)
Saved PC:0x4037a324
SPIWP:0xee
mode:DIO, clock div:1
load:0x3fce2820,len:0x158c
load:0x403c8700,len:0xd24
load:0x403cb700,len:0x2f34
entry 0x403c8924
[0;32mI (29) boot: ESP-IDF v5.5.1 2nd stage bootloader[0m
[0;32mI (29) boot: compile time Nov 20 2025 14:50:54[0m
[0;32mI (29) boot: Multicore bootloader[0m
[0;32mI (29) boot: chip revision: v0.2[0m
[0;32mI (32) boot: efuse block revision: v1.3[0m
[0;32mI (36) boot.esp32s3: Boot SPI Speed : 80MHz[0m
[0;32mI (40) boot.esp32s3: SPI Mode       : DIO[0m
[0;32mI (43) boot.esp32s3: SPI Flash Size : 2MB[0m
[0;32mI (47) boot: Enabling RNG early entropy source...[0m
[0;32mI (52) boot: Partition Table:[0m
[0;32mI (54) boot: ## Label            Usage          Type ST Offset   Length[0m
[0;32mI (60) boot:  0 nvs              WiFi data        01 02 00009000 00006000[0m
[0;32mI (67) boot:  1 phy_init         RF data          01 01 0000f000 00001000[0m
[0;32mI (73) boot:  2 factory          factory app      00 00 00010000 00100000[0m
[0;32mI (80) boot: End of partition table[0m
[0;32mI (83) esp_image: segment 0: paddr=00010020 vaddr=3c020020 size=096e4h ( 38628) map[0m
[0;32mI (98) esp_image: segment 1: paddr=0001970c vaddr=3fc93300 size=02968h ( 10600) load[0m
[0;32mI (100) esp_image: segment 2: paddr=0001c07c vaddr=40374000 size=03f9ch ( 16284) load[0m
[0;32mI (109) esp_image: segment 3: paddr=00020020 vaddr=42000020 size=17390h ( 95120) map[0m
[0;32mI (130) esp_image: segment 4: paddr=000373b8 vaddr=40377f9c size=0b34ch ( 45900) load[0m
[0;32mI (140) esp_image: segment 5: paddr=0004270c vaddr=50000000 size=00020h (    32) load[0m
[0;32mI (146) boot: Loaded app from partition at offset 0x10000[0m
[0;32mI (147) boot: Disabling RNG early entropy source...[0m
[0;32mI (158) cpu_start: Multicore app[0m
[0;32mI (167) cpu_start: Pro cpu start user code[0m
[0;32mI (167) cpu_start: cpu freq: 160000000 Hz[0m
[0;32mI (167) app_init: Application information:[0m
[0;32mI (167) app_init: Project name:     LoRa[0m
[0;32mI (171) app_init: App version:      8cbea19-dirty[0m
[0;32mI (175) app_init: Compile time:     Nov 20 2025 14:50:51[0m
[0;32mI (180) app_init: ELF file SHA256:  edf7fa471...[0m
[0;32mI (185) app_init: ESP-IDF:          v5.5.1[0m
[0;32mI (188) efuse_init: Min chip rev:     v0.0[0m
[0;32mI (192) efuse_init: Max chip rev:     v0.99 [0m
[0;32mI (196) efuse_init: Chip rev:         v0.2[0m
[0;32mI (200) heap_init: Initializing. RAM available for dynamic allocation:[0m
[0;32mI (206) heap_init: At 3FC964D0 len 00053240 (332 KiB): RAM[0m
[0;32mI (211) heap_init: At 3FCE9710 len 00005724 (21 KiB): RAM[0m
[0;32mI (217) heap_init: At 3FCF0000 len 00008000 (32 KiB): DRAM[0m
[0;32mI (222) heap_init: At 600FE000 len 00001FE8 (7 KiB): RTCRAM[0m
[0;32mI (228) spi_flash: detected chip: mxic[0m
[0;32mI (231) spi_flash: flash io: dio[0m
[0;33mW (234) spi_flash: Detected size(16384k) larger than the size in the binary image header(2048k). Using the size in the binary image header.[0m
[0;32mI (246) sleep_gpio: Configure to isolate all GPIO pins in sleep state[0m
[0;32mI (252) sleep_gpio: Enable automatic switching of GPIO sleep configuration[0m
[0;32mI (259) main_task: Started on CPU0[0m
[0;32mI (269) main_task: Calling app_main()[0m
[0;32mI (269) LoRaE5: UART ready[0m
[0;32mI (369) LoRaE5: >> AT+LOWPOWER=AUTOON[0m
[0;32mI (369) Controller: LoRa initialized[0m
[0;32mI (369) main_task: Returned from app_main()[0m
[0;32mI (569) LoRaE5: >> AT+ID=DevEui[0m
[0;32mI (569) LoRaE5: << [AUTOON] AT+ID=DevEui[0m

***ERROR*** A stack overflow in task CONTROLLER has been detected.


Backtrace: 0x4037a1d5:0x3fce9fe0 0x4037a19d:0x3fcea000 0x4037b11a:0x3fcea020 0x4037c317:0x3fcea0a0 0x4037b1e0:0x3fcea0c0 0x4037b1d6:0x3fcea0ac |<-CORRUPTED




ELF file SHA256: edf7fa471

Rebooting...
ESP-ROM:esp32s3-20210327
Build:Mar 27 2021
rst:0xc (RTC_SW_CPU_RST),boot:0x8 (SPI_FAST_FLASH_BOOT)
Saved PC:0x4037a324
SPIWP:0xee
mode:DIO, clock div:1
load:0x3fce2820,len:0x158c
load:0x403c8700,len:0xd24
load:0x403cb700,len:0x2f34
entry 0x403c8924
[0;32mI (29) boot: ESP-IDF v5.5.1 2nd stage bootloader[0m
[0;32mI (29) boot: compile time Nov 20 2025 14:50:54[0m
[0;32mI (29) boot: Multicore bootloader[0m
[0;32mI (29) boot: chip revision: v0.2[0m
[0;32mI (32) boot: efuse block revision: v1.3[0m
[0;32mI (36) boot.esp32s3: Boot SPI Speed : 80MHz[0m
[0;32mI (40) boot.esp32s3: SPI Mode       : DIO[0m
[0;32mI (43) boot.esp32s3: SPI Flash Size : 2MB[0m
[0;32mI (47) boot: Enabling RNG early entropy source...[0m
[0;32mI (52) boot: Partition Table:[0m
[0;32mI (54) boot: ## Label            Usage          Type ST Offset   Length[0m
[0;32mI (60) boot:  0 nvs              WiFi data        01 02 00009000 00006000[0m
[0;32mI (67) boot:  1 phy_init         RF data          01 01 0000f000 00001000[0m
[0;32mI (73) boot:  2 factory          factory app      00 00 00010000 00100000[0m
[0;32mI (80) boot: End of partition table[0m
[0;32mI (83) esp_image: segment 0: paddr=00010020 vaddr=3c020020 size=096e4h ( 38628) map[0m
[0;32mI (98) esp_image: segment 1: paddr=0001970c vaddr=3fc93300 size=02968h ( 10600) load[0m
[0;32mI (100) esp_image: segment 2: paddr=0001c07c vaddr=40374000 size=03f9ch ( 16284) load[0m
[0;32mI (109) esp_image: segment 3: paddr=00020020 vaddr=42000020 size=17390h ( 95120) map[0m
[0;32mI (130) esp_image: segment 4: paddr=000373b8 vaddr=40377f9c size=0b34ch ( 45900) load[0m
[0;32mI (140) esp_image: segment 5: paddr=0004270c vaddr=50000000 size=00020h (    32) load[0m
[0;32mI (146) boot: Loaded app from partition at offset 0x10000[0m
[0;32mI (147) boot: Disabling RNG early entropy source...[0m
[0;32mI (158) cpu_start: Multicore app[0m
[0;32mI (167) cpu_start: Pro cpu start user code[0m
[0;32mI (167) cpu_start: cpu freq: 160000000 Hz[0m
[0;32mI (167) app_init: Application information:[0m
[0;32mI (167) app_init: Project name:     LoRa[0m
[0;32mI (171) app_init: App version:      8cbea19-dirty[0m
[0;32mI (175) app_init: Compile time:     Nov 20 2025 14:50:51[0m
[0;32mI (180) app_init: ELF file SHA256:  edf7fa471...[0m
[0;32mI (185) app_init: ESP-IDF:          v5.5.1[0m
[0;32mI (188) efuse_init: Min chip rev:     v0.0[0m
[0;32mI (192) efuse_init: Max chip rev:     v0.99 [0m
[0;32mI (196) efuse_init: Chip rev:         v0.2[0m
[0;32mI (200) heap_init: Initializing. RAM available for dynamic allocation:[0m
[0;32mI (206) heap_init: At 3FC964D0 len 00053240 (332 KiB): RAM[0m
[0;32mI (211) heap_init: At 3FCE9710 len 00005724 (21 KiB): RAM[0m
[0;32mI (217) heap_init: At 3FCF0000 len 00008000 (32 KiB): DRAM[0m
[0;32mI (222) heap_init: At 600FE000 len 00001FE8 (7 KiB): RTCRAM[0m
[0;32mI (228) spi_flash: detected chip: mxic[0m
[0;32mI (231) spi_flash: flash io: dio[0m
[0;33mW (234) spi_flash: Detected size(16384k) larger than the size in the binary image header(2048k). Using the size in the binary image header.[0m
[0;32mI (246) sleep_gpio: Configure to isolate all GPIO pins in sleep state[0m
[0;32mI (252) sleep_gpio: Enable automatic switching of GPIO sleep configuration[0m
[0;32mI (259) main_task: Started on CPU0[0m
[0;32mI (269) main_task: Calling app_main()[0m
[0;32mI (269) LoRaE5: UART ready[0m
[0;32mI (369) LoRaE5: >> AT+LOWPOWER=AUTOON[0m
[0;32mI (369) Controller: LoRa initialized[0m
[0;32mI (369) main_task: Returned from app_main()[0m
[0;32mI (569) LoRaE5: >> AT+ID=DevEui[0m
[0;32mI (569) LoRaE5: << [AUTOON] AT+ID=DevEui[0m

***ERROR*** A stack overflow in task CONTROLLER has been detected.


Backtrace: 0x4037a1d5:0x3fce9fe0 0x4037a19d:0x3fcea000 0x4037b11a:0x3fcea020 0x4037c317:0x3fcea0a0 0x4037b1e0:0x3fcea0c0 0x4037b1d6:0x3fcea0ac |<-CORRUPTED




ELF file SHA256: edf7fa471

Rebooting...
ESP-ROM:esp32s3-20210327
Build:Mar 27 2021
rst:0xc (RTC_SW_CPU_RST),boot:0x8 (SPI_FAST_FLASH_BOOT)
Saved PC:0x4037a324
SPIWP:0xee
mode:DIO, clock div:1
load:0x3fce2820,len:0x158c
load:0x403c8700,len:0xd24
load:0x403cb700,len:0x2f34
entry 0x403c8924
[0;32mI (29) boot: ESP-IDF v5.5.1 2nd stage bootloader[0m
[0;32mI (29) boot: compile time Nov 20 2025 14:50:54[0m
[0;32mI (29) boot: Multicore bootloader[0m
[0;32mI (29) boot: chip revision: v0.2[0m
[0;32mI (32) boot: efuse block revision: v1.3[0m
[0;32mI (36) boot.esp32s3: Boot SPI Speed : 80MHz[0m
[0;32mI (40) boot.esp32s3: SPI Mode       : DIO[0m
[0;32mI (43) boot.esp32s3: SPI Flash Size : 2MB[0m
[0;32mI (47) boot: Enabling RNG early entropy source...[0m
[0;32mI (52) boot: Partition Table:[0m
[0;32mI (54) boot: ## Label            Usage          Type ST Offset   Length[0m
[0;32mI (60) boot:  0 nvs              WiFi data        01 02 00009000 00006000[0m
[0;32mI (67) boot:  1 phy_init         RF data          01 01 0000f000 00001000[0m
[0;32mI (73) boot:  2 factory          factory app      00 00 00010000 00100000[0m
[0;32mI (80) boot: End of partition table[0m
[0;32mI (83) esp_image: segment 0: paddr=00010020 vaddr=3c020020 size=096e4h ( 38628) map[0m
[0;32mI (98) esp_image: segment 1: paddr=0001970c vaddr=3fc93300 size=02968h ( 10600) load[0m
[0;32mI (100) esp_image: segment 2: paddr=0001c07c vaddr=40374000 size=03f9ch ( 16284) load[0m
[0;32mI (109) esp_image: segment 3: paddr=00020020 vaddr=42000020 size=17390h ( 95120) map[0m
[0;32mI (130) esp_image: segment 4: paddr=000373b8 vaddr=40377f9c size=0b34ch ( 45900) load[0m
[0;32mI (140) esp_image: segment 5: paddr=0004270c vaddr=50000000 size=00020h (    32) load[0m
[0;32mI (146) boot: Loaded app from partition at offset 0x10000[0m
[0;32mI (147) boot: Disabling RNG early entropy source...[0m
[0;32mI (158) cpu_start: Multicore app[0m
[0;32mI (167) cpu_start: Pro cpu start user code[0m
[0;32mI (167) cpu_start: cpu freq: 160000000 Hz[0m
[0;32mI (167) app_init: Application information:[0m
[0;32mI (167) app_init: Project name:     LoRa[0m
[0;32mI (171) app_init: App version:      8cbea19-dirty[0m
[0;32mI (175) app_init: Compile time:     Nov 20 2025 14:50:51[0m
[0;32mI (180) app_init: ELF file SHA256:  edf7fa471...[0m
[0;32mI (185) app_init: ESP-IDF:          v5.5.1[0m
[0;32mI (188) efuse_init: Min chip rev:     v0.0[0m
[0;32mI (192) efuse_init: Max chip rev:     v0.99 [0m
[0;32mI (196) efuse_init: Chip rev:         v0.2[0m
[0;32mI (200) heap_init: Initializing. RAM available for dynamic allocation:[0m
[0;32mI (206) heap_init: At 3FC964D0 len 00053240 (332 KiB): RAM[0m
[0;32mI (211) heap_init: At 3FCE9710 len 00005724 (21 KiB): RAM[0m
[0;32mI (217) heap_init: At 3FCF0000 len 00008000 (32 KiB): DRAM[0m
[0;32mI (222) heap_init: At 600FE000 len 00001FE8 (7 KiB): RTCRAM[0m
[0;32mI (228) spi_flash: detected chip: mxic[0m
[0;32mI (231) spi_flash: flash io: dio[0m
[0;33mW (234) spi_flash: Detected size(16384k) larger than the size in the binary image header(2048k). Using the size in the binary image header.[0m
[0;32mI (246) sleep_gpio: Configure to isolate all GPIO pins in sleep state[0m
[0;32mI (252) sleep_gpio: Enable automatic switching of GPIO sleep configuration[0m
[0;32mI (259) main_task: Started on CPU0[0m
[0;32mI (269) main_task: Calling app_main()[0m
[0;32mI (269) LoRaE5: UART ready[0m
[0;32mI (369) LoRaE5: >> AT+LOWPOWER=AUTOON[0m
[0;32mI (369) Controller: LoRa initialized[0m
[0;32mI (369) main_task: Returned from app_main()[0m
[0;32mI (569) LoRaE5: >> AT+ID=DevEui[0m
[0;32mI (569) LoRaE5: << [AUTOON] AT+ID=DevEui[0m

***ERROR*** A stack overflow in task CONTROLLER has been detected.


Backtrace: 0x4037a1d5:0x3fce9fe0 0x4037a19d:0x3fcea000 0x4037b11a:0x3fcea020 0x4037c317:0x3fcea0a0 0x4037b1e0:0x3fcea0c0 0x4037b1d6:0x3fcea0ac |<-CORRUPTED




ELF file SHA256: edf7fa471

Rebooting...
ESP-ROM:esp32s3-20210327
Build:Mar 27 2021
rst:0xc (RTC_SW_CPU_RST),boot:0x8 (SPI_FAST_FLASH_BOOT)
Saved PC:0x4037a324
SPIWP:0xee
mode:DIO, clock div:1
load:0x3fce2820,len:0x158c
load:0x403c8700,len:0xd24
load:0x403cb700,len:0x2f34
entry 0x403c8924
[0;32mI (29) boot: ESP-IDF v5.5.1 2nd stage bootloader[0m
[0;32mI (29) boot: compile time Nov 20 2025 14:50:54[0m
[0;32mI (29) boot: Multicore bootloader[0m
[0;32mI (29) boot: chip revision: v0.2[0m
[0;32mI (32) boot: efuse block revision: v1.3[0m
[0;32mI (36) boot.esp32s3: Boot SPI Speed : 80MHz[0m
[0;32mI (40) boot.esp32s3: SPI Mode       : DIO[0m
[0;32mI (43) boot.esp32s3: SPI Flash Size : 2MB[0m
[0;32mI (47) boot: Enabling RNG early entropy source...[0m
[0;32mI (52) boot: Partition Table:[0m
[0;32mI (54) boot: ## Label            Usage          Type ST Offset   Length[0m
[0;32mI (60) boot:  0 nvs              WiFi data        01 02 00009000 00006000[0m
[0;32mI (67) boot:  1 phy_init         RF data          01 01 0000f000 00001000[0m
[0;32mI (73) boot:  2 factory          factory app      00 00 00010000 00100000[0m
[0;32mI (80) boot: End of partition table[0m
[0;32mI (83) esp_image: segment 0: paddr=00010020 vaddr=3c020020 size=096e4h ( 38628) map[0m
[0;32mI (98) esp_image: segment 1: paddr=0001970c vaddr=3fc93300 size=02968h ( 10600) load[0m
[0;32mI (100) esp_image: segment 2: paddr=0001c07c vaddr=40374000 size=03f9ch ( 16284) load[0m
[0;32mI (109) esp_image: segment 3: paddr=00020020 vaddr=42000020 size=17390h ( 95120) map[0m
[0;32mI (130) esp_image: segment 4: paddr=000373b8 vaddr=40377f9c size=0b34ch ( 45900) load[0m
[0;32mI (140) esp_image: segment 5: paddr=0004270c vaddr=50000000 size=00020h (    32) load[0m
[0;32mI (146) boot: Loaded app from partition at offset 0x10000[0m
[0;32mI (147) boot: Disabling RNG early entropy source...[0m
[0;32mI (158) cpu_start: Multicore app[0m
[0;32mI (167) cpu_start: Pro cpu start user code[0m
[0;32mI (167) cpu_start: cpu freq: 160000000 Hz[0m
[0;32mI (167) app_init: Application information:[0m
[0;32mI (167) app_init: Project name:     LoRa[0m
[0;32mI (171) app_init: App version:      8cbea19-dirty[0m
[0;32mI (175) app_init: Compile time:     Nov 20 2025 14:50:51[0m
[0;32mI (180) app_init: ELF file SHA256:  edf7fa471...[0m
[0;32mI (185) app_init: ESP-IDF:          v5.5.1[0m
[0;32mI (188) efuse_init: Min chip rev:     v0.0[0m
[0;32mI (192) efuse_init: Max chip rev:     v0.99 [0m
[0;32mI (196) efuse_init: Chip rev:         v0.2[0m
[0;32mI (200) heap_init: Initializing. RAM available for dynamic allocation:[0m
[0;32mI (206) heap_init: At 3FC964D0 len 00053240 (332 KiB): RAM[0m
[0;32mI (211) heap_init: At 3FCE9710 len 00005724 (21 KiB): RAM[0m
[0;32mI (217) heap_init: At 3FCF0000 len 00008000 (32 KiB): DRAM[0m
[0;32mI (222) heap_init: At 600FE000 len 00001FE8 (7 KiB): RTCRAM[0m
[0;32mI (228) spi_flash: detected chip: mxic[0m
[0;32mI (231) spi_flash: flash io: dio[0m
[0;33mW (234) spi_flash: Detected size(16384k) larger than the size in the binary image header(2048k). Using the size in the binary image header.[0m
[0;32mI (246) sleep_gpio: Configure to isolate all GPIO pins in sleep state[0m
[0;32mI (252) sleep_gpio: Enable automatic switching of GPIO sleep configuration[0m
[0;32mI (259) main_task: Started on CPU0[0m
[0;32mI (269) main_task: Calling app_main()[0m
[0;32mI (269) LoRaE5: UART ready[0m
[0;32mI (369) LoRaE5: >> AT+LOWPOWER=AUTOON[0m
[0;32mI (369) Controller: LoRa initialized[0m
[0;32mI (369) main_task: Returned from app_main()[0m
[0;32mI (569) LoRaE5: >> AT+ID=DevEui[0m
[0;32mI (569) LoRaE5: << [AUTOON] AT+ID=DevEui[0m

***ERROR*** A stack overflow in task CONTROLLER has been detected.


Backtrace: 0x4037a1d5:0x3fce9fe0 0x4037a19d:0x3fcea000 0x4037b11a:0x3fcea020 0x4037c317:0x3fcea0a0 0x4037b1e0:0x3fcea0c0 0x4037b1d6:0x3fcea0ac |<-CORRUPTED




ELF file SHA256: edf7fa471

Rebooting...
ESP-ROM:esp32s3-20210327
Build:Mar 27 2021
rst:0xc (RTC_SW_CPU_RST),boot:0x8 (SPI_FAST_FLASH_BOOT)
Saved PC:0x4037a324
SPIWP:0xee
mode:DIO, clock div:1
load:0x3fce2820,len:0x158c
load:0x403c8700,len:0xd24
load:0x403cb700,len:0x2f34
entry 0x403c8924
[0;32mI (29) boot: ESP-IDF v5.5.1 2nd stage bootloader[0m
[0;32mI (29) boot: compile time Nov 20 2025 14:50:54[0m
[0;32mI (29) boot: Multicore bootloader[0m
[0;32mI (29) boot: chip revision: v0.2[0m
[0;32mI (32) boot: efuse block revision: v1.3[0m
[0;32mI (36) boot.esp32s3: Boot SPI Speed : 80MHz[0m
[0;32mI (40) boot.esp32s3: SPI Mode       : DIO[0m
[0;32mI (43) boot.esp32s3: SPI Flash Size : 2MB[0m
[0;32mI (47) boot: Enabling RNG early entropy source...[0m
[0;32mI (52) boot: Partition Table:[0m
[0;32mI (54) boot: ## Label            Usage          Type ST Offset   Length[0m
[0;32mI (60) boot:  0 nvs              WiFi data        01 02 00009000 00006000[0m
[0;32mI (67) boot:  1 phy_init         RF data          01 01 0000f000 00001000[0m
[0;32mI (73) boot:  2 factory          factory app      00 00 00010000 00100000[0m
[0;32mI (80) boot: End of partition table[0m
[0;32mI (83) esp_image: segment 0: paddr=00010020 vaddr=3c020020 size=096e4h ( 38628) map[0m
[0;32mI (98) esp_image: segment 1: paddr=0001970c vaddr=3fc93300 size=02968h ( 10600) load[0m
[0;32mI (100) esp_image: segment 2: paddr=0001c07c vaddr=40374000 size=03f9ch ( 16284) load[0m
[0;32mI (109) esp_image: segment 3: paddr=00020020 vaddr=42000020 size=17390h ( 95120) map[0m
[0;32mI (130) esp_image: segment 4: paddr=000373b8 vaddr=40377f9c size=0b34ch ( 45900) load[0m
[0;32mI (140) esp_image: segment 5: paddr=0004270c vaddr=50000000 size=00020h (    32) load[0m
[0;32mI (146) boot: Loaded app from partition at offset 0x10000[0m
[0;32mI (147) boot: Disabling RNG early entropy source...[0m
[0;32mI (158) cpu_start: Multicore app[0m
[0;32mI (167) cpu_start: Pro cpu start user code[0m
[0;32mI (167) cpu_start: cpu freq: 160000000 Hz[0m
[0;32mI (167) app_init: Application information:[0m
[0;32mI (167) app_init: Project name:     LoRa[0m
[0;32mI (171) app_init: App version:      8cbea19-dirty[0m
[0;32mI (175) app_init: Compile time:     Nov 20 2025 14:50:51[0m
[0;32mI (180) app_init: ELF file SHA256:  edf7fa471...[0m
[0;32mI (185) app_init: ESP-IDF:          v5.5.1[0m
[0;32mI (188) efuse_init: Min chip rev:     v0.0[0m
[0;32mI (192) efuse_init: Max chip rev:     v0.99 [0m
[0;32mI (196) efuse_init: Chip rev:         v0.2[0m
[0;32mI (200) heap_init: Initializing. RAM available for dynamic allocation:[0m
[0;32mI (206) heap_init: At 3FC964D0 len 00053240 (332 KiB): RAM[0m
[0;32mI (211) heap_init: At 3FCE9710 len 00005724 (21 KiB): RAM[0m
[0;32mI (217) heap_init: At 3FCF0000 len 00008000 (32 KiB): DRAM[0m
[0;32mI (222) heap_init: At 600FE000 len 00001FE8 (7 KiB): RTCRAM[0m
[0;32mI (228) spi_flash: detected chip: mxic[0m
[0;32mI (231) spi_flash: flash io: dio[0m
[0;33mW (234) spi_flash: Detected size(16384k) larger than the size in the binary image header(2048k). Using the size in the binary image header.[0m
[0;32mI (246) sleep_gpio: Configure to isolate all GPIO pins in sleep state[0m
[0;32mI (252) sleep_gpio: Enable automatic switching of GPIO sleep configuration[0m
[0;32mI (259) main_task: Started on CPU0[0m
[0;32mI (269) main_task: Calling app_main()[0m
[0;32mI (269) LoRaE5: UART ready[0m
[0;32mI (369) LoRaE5: >> AT+LOWPOWER=AUTOON[0m
[0;32mI (369) Controller: LoRa initialized[0m
[0;32mI (369) main_task: Returned from app_main()[0m
[0;32mI (569) LoRaE5: >> AT+ID=DevEui[0m
[0;32mI (569) LoRaE5: << [AUTOON] AT+ID=DevEui[0m

***ERROR*** A stack overflow in task CONTROLLER has been detected.


Backtrace: 0x4037a1d5:0x3fce9fe0 0x4037a19d:0x3fcea000 0x4037b11a:0x3fcea020 0x4037c317:0x3fcea0a0 0x4037b1e0:0x3fcea0c0 0x4037b1d6:0x3fcea0ac |<-CORRUPTED




ELF file SHA256: edf7fa471

Rebooting...
ESP-ROM:esp32s3-20210327
Build:Mar 27 2021
rst:0xc (RTC_SW_CPU_RST),boot:0x8 (SPI_FAST_FLASH_BOOT)
Saved PC:0x4037a324
SPIWP:0xee
mode:DIO, clock div:1
load:0x3fce2820,len:0x158c
load:0x403c8700,len:0xd24
load:0x403cb700,len:0x2f34
entry 0x403c8924
[0;32mI (29) boot: ESP-IDF v5.5.1 2nd stage bootloader[0m
[0;32mI (29) boot: compile time Nov 20 2025 14:50:54[0m
[0;32mI (29) boot: Multicore bootloader[0m
[0;32mI (29) boot: chip revision: v0.2[0m
[0;32mI (32) boot: efuse block revision: v1.3[0m
[0;32mI (36) boot.esp32s3: Boot SPI Speed : 80MHz[0m
[0;32mI (40) boot.esp32s3: SPI Mode       : DIO[0m
[0;32mI (43) boot.esp32s3: SPI Flash Size : 2MB[0m
[0;32mI (47) boot: Enabling RNG early entropy source...[0m
[0;32mI (52) boot: Partition Table:[0m
[0;32mI (54) boot: ## Label            Usage          Type ST Offset   Length[0m
[0;32mI (60) boot:  0 nvs              WiFi data        01 02 00009000 00006000[0m
[0;32mI (67) boot:  1 phy_init         RF data          01 01 0000f000 00001000[0m
[0;32mI (73) boot:  2 factory          factory app      00 00 00010000 00100000[0m
[0;32mI (80) boot: End of partition table[0m
[0;32mI (83) esp_image: segment 0: paddr=00010020 vaddr=3c020020 size=096e4h ( 38628) map[0m
[0;32mI (98) esp_image: segment 1: paddr=0001970c vaddr=3fc93300 size=02968h ( 10600) load[0m
[0;32mI (100) esp_image: segment 2: paddr=0001c07c vaddr=40374000 size=03f9ch ( 16284) load[0m
[0;32mI (109) esp_image: segment 3: paddr=00020020 vaddr=42000020 size=17390h ( 95120) map[0m
[0;32mI (130) esp_image: segment 4: paddr=000373b8 vaddr=40377f9c size=0b34ch ( 45900) load[0m
[0;32mI (140) esp_image: segment 5: paddr=0004270c vaddr=50000000 size=00020h (    32) load[0m
[0;32mI (146) boot: Loaded app from partition at offset 0x10000[0m
[0;32mI (147) boot: Disabling RNG early entropy source...[0m
[0;32mI (158) cpu_start: Multicore app[0m
[0;32mI (167) cpu_start: Pro cpu start user code[0m
[0;32mI (167) cpu_start: cpu freq: 160000000 Hz[0m
[0;32mI (167) app_init: Application information:[0m
[0;32mI (167) app_init: Project name:     LoRa[0m
[0;32mI (171) app_init: App version:      8cbea19-dirty[0m
[0;32mI (175) app_init: Compile time:     Nov 20 2025 14:50:51[0m
[0;32mI (180) app_init: ELF file SHA256:  edf7fa471...[0m
[0;32mI (185) app_init: ESP-IDF:          v5.5.1[0m
[0;32mI (188) efuse_init: Min chip rev:     v0.0[0m
[0;32mI (192) efuse_init: Max chip rev:     v0.99 [0m
[0;32mI (196) efuse_init: Chip rev:         v0.2[0m
[0;32mI (200) heap_init: Initializing. RAM available for dynamic allocation:[0m
[0;32mI (206) heap_init: At 3FC964D0 len 00053240 (332 KiB): RAM[0m
[0;32mI (211) heap_init: At 3FCE9710 len 00005724 (21 KiB): RAM[0m
[0;32mI (217) heap_init: At 3FCF0000 len 00008000 (32 KiB): DRAM[0m
[0;32mI (222) heap_init: At 600FE000 len 00001FE8 (7 KiB): RTCRAM[0m
[0;32mI (228) spi_flash: detected chip: mxic[0m
[0;32mI (231) spi_flash: flash io: dio[0m
[0;33mW (234) spi_flash: Detected size(16384k) larger than the size in the binary image header(2048k). Using the size in the binary image header.[0m
[0;32mI (246) sleep_gpio: Configure to isolate all GPIO pins in sleep state[0m
[0;32mI (252) sleep_gpio: Enable automatic switching of GPIO sleep configuration[0m
[0;32mI (259) main_task: Started on CPU0[0m
[0;32mI (269) main_task: Calling app_main()[0m
[0;32mI (269) LoRaE5: UART ready[0m
[0;32mI (369) LoRaE5: >> AT+LOWPOWER=AUTOON[0m
[0;32mI (369) Controller: LoRa initialized[0m
[0;32mI (369) main_task: Returned from app_main()[0m
[0;32mI (569) LoRaE5: >> AT+ID=DevEui[0m
[0;32mI (569) LoRaE5: << [AUTOON] AT+ID=DevEui[0m

***ERROR*** A stack overflow in task CONTROLLER has been detected.


Backtrace: 0x4037a1d5:0x3fce9fe0 0x4037a19d:0x3fcea000 0x4037b11a:0x3fcea020 0x4037c317:0x3fcea0a0 0x4037b1e0:0x3fcea0c0 0x4037b1d6:0x3fcea0ac |<-CORRUPTED




ELF file SHA256: edf7fa471

Rebooting...
ESP-ROM:esp32s3-20210327
Build:Mar 27 2021
rst:0xc (RTC_SW_CPU_RST),boot:0x8 (SPI_FAST_FLASH_BOOT)
Saved PC:0x4037a324
SPIWP:0xee
mode:DIO, clock div:1
load:0x3fce2820,len:0x158c
load:0x403c8700,len:0xd24
load:0x403cb700,len:0x2f34
entry 0x403c8924
[0;32mI (29) boot: ESP-IDF v5.5.1 2nd stage bootloader[0m
[0;32mI (29) boot: compile time Nov 20 2025 14:50:54[0m
[0;32mI (29) boot: Multicore bootloader[0m
[0;32mI (29) boot: chip revision: v0.2[0m
[0;32mI (32) boot: efuse block revision: v1.3[0m
[0;32mI (36) boot.esp32s3: Boot SPI Speed : 80MHz[0m
[0;32mI (40) boot.esp32s3: SPI Mode       : DIO[0m
[0;32mI (43) boot.esp32s3: SPI Flash Size : 2MB[0m
[0;32mI (47) boot: Enabling RNG early entropy source...[0m
[0;32mI (52) boot: Partition Table:[0m
[0;32mI (54) boot: ## Label            Usage          Type ST Offset   Length[0m
[0;32mI (60) boot:  0 nvs              WiFi data        01 02 00009000 00006000[0m
[0;32mI (67) boot:  1 phy_init         RF data          01 01 0000f000 00001000[0m
[0;32mI (73) boot:  2 factory          factory app      00 00 00010000 00100000[0m
[0;32mI (80) boot: End of partition table[0m
[0;32mI (83) esp_image: segment 0: paddr=00010020 vaddr=3c020020 size=096e4h ( 38628) map[0m
[0;32mI (98) esp_image: segment 1: paddr=0001970c vaddr=3fc93300 size=02968h ( 10600) load[0m
[0;32mI (100) esp_image: segment 2: paddr=0001c07c vaddr=40374000 size=03f9ch ( 16284) load[0m
[0;32mI (109) esp_image: segment 3: paddr=00020020 vaddr=42000020 size=17390h ( 95120) map[0m
[0;32mI (130) esp_image: segment 4: paddr=000373b8 vaddr=40377f9c size=0b34ch ( 45900) load[0m
[0;32mI (140) esp_image: segment 5: paddr=0004270c vaddr=50000000 size=00020h (    32) load[0m
[0;32mI (146) boot: Loaded app from partition at offset 0x10000[0m
[0;32mI (147) boot: Disabling RNG early entropy source...[0m
[0;32mI (158) cpu_start: Multicore app[0m
[0;32mI (167) cpu_start: Pro cpu start user code[0m
[0;32mI (167) cpu_start: cpu freq: 160000000 Hz[0m
[0;32mI (167) app_init: Application information:[0m
[0;32mI (167) app_init: Project name:     LoRa[0m
[0;32mI (171) app_init: App version:      8cbea19-dirty[0m
[0;32mI (175) app_init: Compile time:     Nov 20 2025 14:50:51[0m
[0;32mI (180) app_init: ELF file SHA256:  edf7fa471...[0m
[0;32mI (185) app_init: ESP-IDF:          v5.5.1[0m
[0;32mI (188) efuse_init: Min chip rev:     v0.0[0m
[0;32mI (192) efuse_init: Max chip rev:     v0.99 [0m
[0;32mI (196) efuse_init: Chip rev:         v0.2[0m
[0;32mI (200) heap_init: Initializing. RAM available for dynamic allocation:[0m
[0;32mI (206) heap_init: At 3FC964D0 len 00053240 (332 KiB): RAM[0m
[0;32mI (211) heap_init: At 3FCE9710 len 00005724 (21 KiB): RAM[0m
[0;32mI (217) heap_init: At 3FCF0000 len 00008000 (32 KiB): DRAM[0m
[0;32mI (222) heap_init: At 600FE000 len 00001FE8 (7 KiB): RTCRAM[0m
[0;32mI (228) spi_flash: detected chip: mxic[0m
[0;32mI (231) spi_flash: flash io: dio[0m
[0;33mW (234) spi_flash: Detected size(16384k) larger than the size in the binary image header(2048k). Using the size in the binary image header.[0m
[0;32mI (246) sleep_gpio: Configure to isolate all GPIO pins in sleep state[0m
[0;32mI (252) sleep_gpio: Enable automatic switching of GPIO sleep configuration[0m
[0;32mI (259) main_task: Started on CPU0[0m
[0;32mI (269) main_task: Calling app_main()[0m
[0;32mI (269) LoRaE5: UART ready[0m
[0;32mI (369) LoRaE5: >> AT+LOWPOWER=AUTOON[0m
[0;32mI (369) Controller: LoRa initialized[0m
[0;32mI (369) main_task: Returned from app_main()[0m
[0;32mI (569) LoRaE5: >> AT+ID=DevEui[0m
[0;32mI (569) LoRaE5: << [AUTOON] AT+ID=DevEui[0m

***ERROR*** A stack overflow in task CONTROLLER has been detected.


Backtrace: 0x4037a1d5:0x3fce9fe0 0x4037a19d:0x3fcea000 0x4037b11a:0x3fcea020 0x4037c317:0x3fcea0a0 0x4037b1e0:0x3fcea0c0 0x4037b1d6:0x3fcea0ac |<-CORRUPTED




ELF file SHA256: edf7fa471

Rebooting...
ESP-ROM:esp32s3-20210327
Build:Mar 27 2021
rst:0xc (RTC_SW_CPU_RST),boot:0x8 (SPI_FAST_FLASH_BOOT)
Saved PC:0x4037a324
SPIWP:0xee
mode:DIO, clock div:1
load:0x3fce2820,len:0x158c
load:0x403c8700,len:0xd24
load:0x403cb700,len:0x2f34
entry 0x403c8924
[0;32mI (29) boot: ESP-IDF v5.5.1 2nd stage bootloader[0m
[0;32mI (29) boot: compile time Nov 20 2025 14:50:54[0m
[0;32mI (29) boot: Multicore bootloader[0m
[0;32mI (29) boot: chip revision: v0.2[0m
[0;32mI (32) boot: efuse block revision: v1.3[0m
[0;32mI (36) boot.esp32s3: Boot SPI Speed : 80MHz[0m
[0;32mI (40) boot.esp32s3: SPI Mode       : DIO[0m
[0;32mI (43) boot.esp32s3: SPI Flash Size : 2MB[0m
[0;32mI (47) boot: Enabling RNG early entropy source...[0m
[0;32mI (52) boot: Partition Table:[0m
[0;32mI (54) boot: ## Label            Usage          Type ST Offset   Length[0m
[0;32mI (60) boot:  0 nvs              WiFi data        01 02 00009000 00006000[0m
[0;32mI (67) boot:  1 phy_init         RF data          01 01 0000f000 00001000[0m
[0;32mI (73) boot:  2 factory          factory app      00 00 00010000 00100000[0m
[0;32mI (80) boot: End of partition table[0m
[0;32mI (83) esp_image: segment 0: paddr=00010020 vaddr=3c020020 size=096e4h ( 38628) map[0m
[0;32mI (98) esp_image: segment 1: paddr=0001970c vaddr=3fc93300 size=02968h ( 10600) load[0m
[0;32mI (100) esp_image: segment 2: paddr=0001c07c vaddr=40374000 size=03f9ch ( 16284) load[0m
[0;32mI (109) esp_image: segment 3: paddr=00020020 vaddr=42000020 size=17390h ( 95120) map[0m
[0;32mI (130) esp_image: segment 4: paddr=000373b8 vaddr=40377f9c size=0b34ch ( 45900) load[0m
[0;32mI (140) esp_image: segment 5: paddr=0004270c vaddr=50000000 size=00020h (    32) load[0m
[0;32mI (146) boot: Loaded app from partition at offset 0x10000[0m
[0;32mI (147) boot: Disabling RNG early entropy source...[0m
[0;32mI (158) cpu_start: Multicore app[0m
[0;32mI (167) cpu_start: Pro cpu start user code[0m
[0;32mI (167) cpu_start: cpu freq: 160000000 Hz[0m
[0;32mI (167) app_init: Application information:[0m
[0;32mI (167) app_init: Project name:     LoRa[0m
[0;32mI (171) app_init: App version:      8cbea19-dirty[0m
[0;32mI (175) app_init: Compile time:     Nov 20 2025 14:50:51[0m
[0;32mI (180) app_init: ELF file SHA256:  edf7fa471...[0m
[0;32mI (185) app_init: ESP-IDF:          v5.5.1[0m
[0;32mI (188) efuse_init: Min chip rev:     v0.0[0m
[0;32mI (192) efuse_init: Max chip rev:     v0.99 [0m
[0;32mI (196) efuse_init: Chip rev:         v0.2[0m
[0;32mI (200) heap_init: Initializing. RAM available for dynamic allocation:[0m
[0;32mI (206) heap_init: At 3FC964D0 len 00053240 (332 KiB): RAM[0m
[0;32mI (211) heap_init: At 3FCE9710 len 00005724 (21 KiB): RAM[0m
[0;32mI (217) heap_init: At 3FCF0000 len 00008000 (32 KiB): DRAM[0m
[0;32mI (222) heap_init: At 600FE000 len 00001FE8 (7 KiB): RTCRAM[0m
[0;32mI (228) spi_flash: detected chip: mxic[0m
[0;32mI (231) spi_flash: flash io: dio[0m
[0;33mW (234) spi_flash: Detected size(16384k) larger than the size in the binary image header(2048k). Using the size in the binary image header.[0m
[0;32mI (246) sleep_gpio: Configure to isolate all GPIO pins in sleep state[0m
[0;32mI (252) sleep_gpio: Enable automatic switching of GPIO sleep configuration[0m
[0;32mI (259) main_task: Started on CPU0[0m
[0;32mI (269) main_task: Calling app_main()[0m
[0;32mI (269) LoRaE5: UART ready[0m
[0;32mI (369) LoRaE5: >> AT+LOWPOWER=AUTOON[0m
[0;32mI (369) Controller: LoRa initialized[0m
[0;32mI (369) main_task: Returned from app_main()[0m
[0;32mI (569) LoRaE5: >> AT+ID=DevEui[0m
[0;32mI (569) LoRaE5: << [AUTOON] AT+ID=DevEui[0m

***ERROR*** A stack overflow in task CONTROLLER has been detected.


Backtrace: 0x4037a1d5:0x3fce9fe0 0x4037a19d:0x3fcea000 0x4037b11a:0x3fcea020 0x4037c317:0x3fcea0a0 0x4037b1e0:0x3fcea0c0 0x4037b1d6:0x3fcea0ac |<-CORRUPTED




ELF file SHA256: edf7fa471

Rebooting...
ESP-ROM:esp32s3-20210327
Build:Mar 27 2021
rst:0xc (RTC_SW_CPU_RST),boot:0x8 (SPI_FAST_FLASH_BOOT)
Saved PC:0x4037a324
SPIWP:0xee
mode:DIO, clock div:1
load:0x3fce2820,len:0x158c
load:0x403c8700,len:0xd24
load:0x403cb700,len:0x2f34
entry 0x403c8924
[0;32mI (29) boot: ESP-IDF v5.5.1 2nd stage bootloader[0m
[0;32mI (29) boot: compile time Nov 20 2025 14:50:54[0m
[0;32mI (29) boot: Multicore bootloader[0m
[0;32mI (29) boot: chip revision: v0.2[0m
[0;32mI (32) boot: efuse block revision: v1.3[0m
[0;32mI (36) boot.esp32s3: Boot SPI Speed : 80MHz[0m
[0;32mI (40) boot.esp32s3: SPI Mode       : DIO[0m
[0;32mI (43) boot.esp32s3: SPI Flash Size : 2MB[0m
[0;32mI (47) boot: Enabling RNG early entropy source...[0m
[0;32mI (52) boot: Partition Table:[0m
[0;32mI (54) boot: ## Label            Usage          Type ST Offset   Length[0m
[0;32mI (60) boot:  0 nvs              WiFi data        01 02 00009000 00006000[0m
[0;32mI (67) boot:  1 phy_init         RF data          01 01 0000f000 00001000[0m
[0;32mI (73) boot:  2 factory          factory app      00 00 00010000 00100000[0m
[0;32mI (80) boot: End of partition table[0m
[0;32mI (83) esp_image: segment 0: paddr=00010020 vaddr=3c020020 size=096e4h ( 38628) map[0m
[0;32mI (98) esp_image: segment 1: paddr=0001970c vaddr=3fc93300 size=02968h ( 10600) load[0m
[0;32mI (100) esp_image: segment 2: paddr=0001c07c vaddr=40374000 size=03f9ch ( 16284) load[0m
[0;32mI (109) esp_image: segment 3: paddr=00020020 vaddr=42000020 size=17390h ( 95120) map[0m
[0;32mI (130) esp_image: segment 4: paddr=000373b8 vaddr=40377f9c size=0b34ch ( 45900) load[0m
[0;32mI (140) esp_image: segment 5: paddr=0004270c vaddr=50000000 size=00020h (    32) load[0m
[0;32mI (146) boot: Loaded app from partition at offset 0x10000[0m
[0;32mI (147) boot: Disabling RNG early entropy source...[0m
[0;32mI (158) cpu_start: Multicore app[0m
[0;32mI (167) cpu_start: Pro cpu start user code[0m
[0;32mI (167) cpu_start: cpu freq: 160000000 Hz[0m
[0;32mI (167) app_init: Application information:[0m
[0;32mI (167) app_init: Project name:     LoRa[0m
[0;32mI (171) app_init: App version:      8cbea19-dirty[0m
[0;32mI (175) app_init: Compile time:     Nov 20 2025 14:50:51[0m
[0;32mI (180) app_init: ELF file SHA256:  edf7fa471...[0m
[0;32mI (185) app_init: ESP-IDF:          v5.5.1[0m
[0;32mI (188) efuse_init: Min chip rev:     v0.0[0m
[0;32mI (192) efuse_init: Max chip rev:     v0.99 [0m
[0;32mI (196) efuse_init: Chip rev:         v0.2[0m
[0;32mI (200) heap_init: Initializing. RAM available for dynamic allocation:[0m
[0;32mI (206) heap_init: At 3FC964D0 len 00053240 (332 KiB): RAM[0m
[0;32mI (211) heap_init: At 3FCE9710 len 00005724 (21 KiB): RAM[0m
[0;32mI (217) heap_init: At 3FCF0000 len 00008000 (32 KiB): DRAM[0m
[0;32mI (222) heap_init: At 600FE000 len 00001FE8 (7 KiB): RTCRAM[0m
[0;32mI (228) spi_flash: detected chip: mxic[0m
[0;32mI (231) spi_flash: flash io: dio[0m
[0;33mW (234) spi_flash: Detected size(16384k) larger than the size in the binary image header(2048k). Using the size in the binary image header.[0m
[0;32mI (246) sleep_gpio: Configure to isolate all GPIO pins in sleep state[0m
[0;32mI (252) sleep_gpio: Enable automatic switching of GPIO sleep configuration[0m
[0;32mI (259) main_task: Started on CPU0[0m
[0;32mI (269) main_task: Calling app_main()[0m
[0;32mI (269) LoRaE5: UART ready[0m
[0;32mI (369) LoRaE5: >> AT+LOWPOWER=AUTOON[0m
[0;32mI (369) Controller: LoRa initialized[0m
[0;32mI (369) main_task: Returned from app_main()[0m
[0;32mI (569) LoRaE5: >> AT+ID=DevEui[0m
[0;32mI (569) LoRaE5: << [AUTOON] AT+ID=DevEui[0m

***ERROR*** A stack overflow in task CONTROLLER has been detected.


Backtrace: 0x4037a1d5:0x3fce9fe0 0x4037a19d:0x3fcea000 0x4037b11a:0x3fcea020 0x4037c317:0x3fcea0a0 0x4037b1e0:0x3fcea0c0 0x4037b1d6:0x3fcea0ac |<-CORRUPTED




ELF file SHA256: edf7fa471

Rebooting...
ESP-ROM:esp32s3-20210327
Build:Mar 27 2021
rst:0xc (RTC_SW_CPU_RST),boot:0x8 (SPI_FAST_FLASH_BOOT)
Saved PC:0x4037a324
SPIWP:0xee
mode:DIO, clock div:1
load:0x3fce2820,len:0x158c
load:0x403c8700,len:0xd24
load:0x403cb700,len:0x2f34
entry 0x403c8924
[0;32mI (29) boot: ESP-IDF v5.5.1 2nd stage bootloader[0m
[0;32mI (29) boot: compile time Nov 20 2025 14:50:54[0m
[0;32mI (29) boot: Multicore bootloader[0m
[0;32mI (29) boot: chip revision: v0.2[0m
[0;32mI (32) boot: efuse block revision: v1.3[0m
[0;32mI (36) boot.esp32s3: Boot SPI Speed : 80MHz[0m
[0;32mI (40) boot.esp32s3: SPI Mode       : DIO[0m
[0;32mI (43) boot.esp32s3: SPI Flash Size : 2MB[0m
[0;32mI (47) boot: Enabling RNG early entropy source...[0m
[0;32mI (52) boot: Partition Table:[0m
[0;32mI (54) boot: ## Label            Usage          Type ST Offset   Length[0m
[0;32mI (60) boot:  0 nvs              WiFi data        01 02 00009000 00006000[0m
[0;32mI (67) boot:  1 phy_init         RF data          01 01 0000f000 00001000[0m
[0;32mI (73) boot:  2 factory          factory app      00 00 00010000 00100000[0m
[0;32mI (80) boot: End of partition table[0m
[0;32mI (83) esp_image: segment 0: paddr=00010020 vaddr=3c020020 size=096e4h ( 38628) map[0m
[0;32mI (98) esp_image: segment 1: paddr=0001970c vaddr=3fc93300 size=02968h ( 10600) load[0m
[0;32mI (100) esp_image: segment 2: paddr=0001c07c vaddr=40374000 size=03f9ch ( 16284) load[0m
[0;32mI (109) esp_image: segment 3: paddr=00020020 vaddr=42000020 size=17390h ( 95120) map[0m
[0;32mI (130) esp_image: segment 4: paddr=000373b8 vaddr=40377f9c size=0b34ch ( 45900) load[0m
[0;32mI (140) esp_image: segment 5: paddr=0004270c vaddr=50000000 size=00020h (    32) load[0m
[0;32mI (146) boot: Loaded app from partition at offset 0x10000[0m
[0;32mI (147) boot: Disabling RNG early entropy source...[0m
[0;32mI (158) cpu_start: Multicore app[0m
[0;32mI (167) cpu_start: Pro cpu start user code[0m
[0;32mI (167) cpu_start: cpu freq: 160000000 Hz[0m
[0;32mI (167) app_init: Application information:[0m
[0;32mI (167) app_init: Project name:     LoRa[0m
[0;32mI (171) app_init: App version:      8cbea19-dirty[0m
[0;32mI (175) app_init: Compile time:     Nov 20 2025 14:50:51[0m
[0;32mI (180) app_init: ELF file SHA256:  edf7fa471...[0m
[0;32mI (185) app_init: ESP-IDF:          v5.5.1[0m
[0;32mI (188) efuse_init: Min chip rev:     v0.0[0m
[0;32mI (192) efuse_init: Max chip rev:     v0.99 [0m
[0;32mI (196) efuse_init: Chip rev:         v0.2[0m
[0;32mI (200) heap_init: Initializing. RAM available for dynamic allocation:[0m
[0;32mI (206) heap_init: At 3FC964D0 len 00053240 (332 KiB): RAM[0m
[0;32mI (211) heap_init: At 3FCE9710 len 00005724 (21 KiB): RAM[0m
[0;32mI (217) heap_init: At 3FCF0000 len 00008000 (32 KiB): DRAM[0m
[0;32mI (222) heap_init: At 600FE000 len 00001FE8 (7 KiB): RTCRAM[0m
[0;32mI (228) spi_flash: detected chip: mxic[0m
[0;32mI (231) spi_flash: flash io: dio[0m
[0;33mW (234) spi_flash: Detected size(16384k) larger than the size in the binary image header(2048k). Using the size in the binary image header.[0m
[0;32mI (246) sleep_gpio: Configure to isolate all GPIO pins in sleep state[0m
[0;32mI (252) sleep_gpio: Enable automatic switching of GPIO sleep configuration[0m
[0;32mI (259) main_task: Started on CPU0[0m
[0;32mI (269) main_task: Calling app_main()[0m
[0;32mI (269) LoRaE5: UART ready[0m
[0;32mI (369) LoRaE5: >> AT+LOWPOWER=AUTOON[0m
[0;32mI (369) Controller: LoRa initialized[0m
[0;32mI (369) main_task: Returned from app_main()[0m
[0;32mI (569) LoRaE5: >> AT+ID=DevEui[0m
[0;32mI (569) LoRaE5: << [AUTOON] AT+ID=DevEui[0m

***ERROR*** A stack overflow in task CONTROLLER has been detected.


Backtrace: 0x4037a1d5:0x3fce9fe0 0x4037a19d:0x3fcea000 0x4037b11a:0x3fcea020 0x4037c317:0x3fcea0a0 0x4037b1e0:0x3fcea0c0 0x4037b1d6:0x3fcea0ac |<-CORRUPTED




ELF file SHA256: edf7fa471

Rebooting...
ESP-ROM:esp32s3-20210327
Build:Mar 27 2021
rst:0xc (RTC_SW_CPU_RST),boot:0x8 (SPI_FAST_FLASH_BOOT)
Saved PC:0x4037a324
SPIWP:0xee
mode:DIO, clock div:1
load:0x3fce2820,len:0x158c
load:0x403c8700,len:0xd24
load:0x403cb700,len:0x2f34
entry 0x403c8924
[0;32mI (29) boot: ESP-IDF v5.5.1 2nd stage bootloader[0m
[0;32mI (29) boot: compile time Nov 20 2025 14:50:54[0m
[0;32mI (29) boot: Multicore bootloader[0m
[0;32mI (29) boot: chip revision: v0.2[0m
[0;32mI (32) boot: efuse block revision: v1.3[0m
[0;32mI (36) boot.esp32s3: Boot SPI Speed : 80MHz[0m
[0;32mI (40) boot.esp32s3: SPI Mode       : DIO[0m
[0;32mI (43) boot.esp32s3: SPI Flash Size : 2MB[0m
[0;32mI (47) boot: Enabling RNG early entropy source...[0m
[0;32mI (52) boot: Partition Table:[0m
[0;32mI (54) boot: ## Label            Usage          Type ST Offset   Length[0m
[0;32mI (60) boot:  0 nvs              WiFi data        01 02 00009000 00006000[0m
[0;32mI (67) boot:  1 phy_init         RF data          01 01 0000f000 00001000[0m
[0;32mI (73) boot:  2 factory          factory app      00 00 00010000 00100000[0m
[0;32mI (80) boot: End of partition table[0m
[0;32mI (83) esp_image: segment 0: paddr=00010020 vaddr=3c020020 size=096e4h ( 38628) map[0m
[0;32mI (98) esp_image: segment 1: paddr=0001970c vaddr=3fc93300 size=02968h ( 10600) load[0m
[0;32mI (100) esp_image: segment 2: paddr=0001c07c vaddr=40374000 size=03f9ch ( 16284) load[0m
[0;32mI (109) esp_image: segment 3: paddr=00020020 vaddr=42000020 size=17390h ( 95120) map[0m
[0;32mI (130) esp_image: segment 4: paddr=000373b8 vaddr=40377f9c size=0b34ch ( 45900) load[0m
[0;32mI (140) esp_image: segment 5: paddr=0004270c vaddr=50000000 size=00020h (    32) load[0m
[0;32mI (146) boot: Loaded app from partition at offset 0x10000[0m
[0;32mI (147) boot: Disabling RNG early entropy source...[0m
[0;32mI (158) cpu_start: Multicore app[0m
[0;32mI (167) cpu_start: Pro cpu start user code[0m
[0;32mI (167) cpu_start: cpu freq: 160000000 Hz[0m
[0;32mI (167) app_init: Application information:[0m
[0;32mI (167) app_init: Project name:     LoRa[0m
[0;32mI (171) app_init: App version:      8cbea19-dirty[0m
[0;32mI (175) app_init: Compile time:     Nov 20 2025 14:50:51[0m
[0;32mI (180) app_init: ELF file SHA256:  edf7fa471...[0m
[0;32mI (185) app_init: ESP-IDF:          v5.5.1[0m
[0;32mI (188) efuse_init: Min chip rev:     v0.0[0m
[0;32mI (192) efuse_init: Max chip rev:     v0.99 [0m
[0;32mI (196) efuse_init: Chip rev:         v0.2[0m
[0;32mI (200) heap_init: Initializing. RAM available for dynamic allocation:[0m
[0;32mI (206) heap_init: At 3FC964D0 len 00053240 (332 KiB): RAM[0m
[0;32mI (211) heap_init: At 3FCE9710 len 00005724 (21 KiB): RAM[0m
[0;32mI (217) heap_init: At 3FCF0000 len 00008000 (32 KiB): DRAM[0m
[0;32mI (222) heap_init: At 600FE000 len 00001FE8 (7 KiB): RTCRAM[0m
[0;32mI (228) spi_flash: detected chip: mxic[0m
[0;32mI (231) spi_flash: flash io: dio[0m
[0;33mW (234) spi_flash: Detected size(16384k) larger than the size in the binary image header(2048k). Using the size in the binary image header.[0m
[0;32mI (246) sleep_gpio: Configure to isolate all GPIO pins in sleep state[0m
[0;32mI (252) sleep_gpio: Enable automatic switching of GPIO sleep configuration[0m
[0;32mI (259) main_task: Started on CPU0[0m
[0;32mI (269) main_task: Calling app_main()[0m
[0;32mI (269) LoRaE5: UART ready[0m
